{
    "application_name": "lumen-blog-app_1",
    "message": "hello world."
}
